[baseline-browser-mapping] The data in this module is over two months old.  To ensure accurate Baseline data, please update: `npm i baseline-browser-mapping@latest -D`
[config-overrides] Patching webpack to exclude ethers v6 from babel-loader...
[config-overrides] Found 3 module rules
[config-overrides] Rule 2 has oneOf with 8 sub-rules
[config-overrides] Found babel-loader at oneOf[1]
[config-overrides] Original exclude type: undefined
[config-overrides] ✓ Patched babel-loader exclude at oneOf[1]
[config-overrides] Found babel-loader at oneOf[2]
[config-overrides] Original exclude type: object
[config-overrides] ✓ Patched babel-loader exclude at oneOf[2]
(node:85319) [DEP0176] DeprecationWarning: fs.F_OK is deprecated, use fs.constants.F_OK instead
(Use `node --trace-deprecation ...` to show where the warning was created)
Creating an optimized production build...
Browserslist: browsers data (caniuse-lite) is 7 months old. Please run:
  npx update-browserslist-db@latest
  Why you should do it regularly: https://github.com/browserslist/update-db#readme
DEPRECATION WARNING [legacy-js-api]: The legacy JS API is deprecated and will be removed in Dart Sass 2.0.0.

More info: https://sass-lang.com/d/legacy-js-api

DEPRECATION WARNING [legacy-js-api]: The legacy JS API is deprecated and will be removed in Dart Sass 2.0.0.

More info: https://sass-lang.com/d/legacy-js-api

DEPRECATION WARNING [legacy-js-api]: The legacy JS API is deprecated and will be removed in Dart Sass 2.0.0.

More info: https://sass-lang.com/d/legacy-js-api

DEPRECATION WARNING [legacy-js-api]: The legacy JS API is deprecated and will be removed in Dart Sass 2.0.0.

More info: https://sass-lang.com/d/legacy-js-api

DEPRECATION WARNING [legacy-js-api]: The legacy JS API is deprecated and will be removed in Dart Sass 2.0.0.

More info: https://sass-lang.com/d/legacy-js-api

Failed to compile.

./node_modules/ethers/lib.esm/providers/provider-browser.js 10:4
Module parse failed: Unexpected character '#' (10:4)
You may need an appropriate loader to handle this file type, currently no loaders are configured to process this file. See https://webpack.js.org/concepts#loaders
|  */
| export class BrowserProvider extends JsonRpcApiPollingProvider {
>     #request;
|     #providerInfo;
|     /**


